Release 14.7 Map P.20160913 (lin64)
Xilinx Map Application Log File for Design 'rom'

Design Information
------------------
Command Line   : map -intstyle ise -p xc6slx4l-tqg144-1L -w -logic_opt off -ol
high -t 1 -xt 0 -register_duplication off -r 4 -global_opt off -mt off -ir off
-pr off -lc off -power off -o rom_map.ncd rom.ngd rom.pcf 
Target Device  : xc6slx4l
Target Package : tqg144
Target Speed   : -1l
Mapper Version : spartan6l -- $Revision: 1.55 $
Mapped Date    : Thu May 23 22:55:39 2019

vvvvvvvvvvvvvvvvvvvvvvvvvvvvvvvvvvvvvvvvvvvvvvvvvvvvvvvvvvvvvvvvvvvvvv
INFO:Security:54 - 'xc6slx4l' is a WebPack part.
WARNING:Security:42 - Your software subscription period has lapsed. Your current
version of Xilinx tools will continue to function, but you no longer qualify for
Xilinx software updates or new releases.
----------------------------------------------------------------------
Mapping design into LUTs...
Running directed packing...
Running delay-based LUT packing...
Updating timing models...
ERROR:Pack:2309 - Too many bonded comps of type "IOB" found to fit this device.
ERROR:Map:237 - The design is too large to fit the device.  Please check the Design Summary section to see which resource requirement for
   your design exceeds the resources available in the device. Note that the number of slices reported may not be reflected accurately as
   their packing might not have been completed.

Interim Summary
---------------
Slice Logic Utilization:
  Number of Slice Registers:                     0 out of   4,800    0%
  Number of Slice LUTs:                          0 out of   2,400    0%

Slice Logic Distribution:
  Number of MUXCYs used:                         0 out of   1,200    0%
  Number of LUT Flip Flop pairs used:            0

IO Utilization:
  Number of bonded IOBs:                       800 out of     102  784% (OVERMAPPED)

Specific Feature Utilization:
  Number of RAMB16BWERs:                         0 out of      12    0%
  Number of RAMB8BWERs:                          0 out of      24    0%
  Number of BUFIO2/BUFIO2_2CLKs:                 0 out of      32    0%
  Number of BUFIO2FB/BUFIO2FB_2CLKs:             0 out of      32    0%
  Number of BUFG/BUFGMUXs:                       0 out of      16    0%
  Number of DCM/DCM_CLKGENs:                     0 out of       4    0%
  Number of ILOGIC2/ISERDES2s:                   0 out of     200    0%
  Number of IODELAY2/IODRP2/IODRP2_MCBs:         0 out of     200    0%
  Number of OLOGIC2/OSERDES2s:                   0 out of     200    0%
  Number of BSCANs:                              0 out of       4    0%
  Number of BUFHs:                               0 out of     128    0%
  Number of BUFPLLs:                             0 out of       8    0%
  Number of BUFPLL_MCBs:                         0 out of       4    0%
  Number of DSP48A1s:                            0 out of       8    0%
  Number of ICAPs:                               0 out of       1    0%
  Number of PCILOGICSEs:                         0 out of       2    0%
  Number of PLL_ADVs:                            0 out of       2    0%
  Number of PMVs:                                0 out of       1    0%
  Number of STARTUPs:                            0 out of       1    0%
  Number of SUSPEND_SYNCs:                       0 out of       1    0%


Mapping completed.
See MAP report file "rom_map.mrp" for details.
Problem encountered during the packing phase.

Design Summary
--------------
Number of errors   :   2
Number of warnings :   0
